31093218;Cedric;3
5351700;Alice;3
11392088;BurgerKing;1
