8353995;website
12502185;Test
32294845;First Repo
