31093218;Cedric;37;4160039
5351700;Alice;37;4160039
31093218;Cedric;46;8353995
8353995;Dylan;46;8353995
5351700;Alice;24;12502185
31093218;Cedric;25;31093218
11435307;Eve;60;32294845
5351700;Alice;57;32294845
