12;Masi;22;1
33;SuperMax;32;2
77;ValterriItsJames;42;3
44;SirLewis;25;4
