4167748;fluuux;30
3168452;SoNiice;30
4822298;jredondopalacios;30
